Archive member included to satisfy reference by file (symbol)

c:/st/stm32cubeide_1.4.0/stm32cubeide/plugins/com.st.stm32cube.ide.mcu.externaltools.gnu-tools-for-stm32.7-2018-q2-update.win32_1.4.0.202007081208/tools/bin/../lib/gcc/arm-none-eabi/7.3.1/../../../../arm-none-eabi/lib/thumb/v7e-m\libc_nano.a(lib_a-errno.o)
                              Src/syscalls.o (__errno)
c:/st/stm32cubeide_1.4.0/stm32cubeide/plugins/com.st.stm32cube.ide.mcu.externaltools.gnu-tools-for-stm32.7-2018-q2-update.win32_1.4.0.202007081208/tools/bin/../lib/gcc/arm-none-eabi/7.3.1/../../../../arm-none-eabi/lib/thumb/v7e-m\libc_nano.a(lib_a-exit.o)
                              c:/st/stm32cubeide_1.4.0/stm32cubeide/plugins/com.st.stm32cube.ide.mcu.externaltools.gnu-tools-for-stm32.7-2018-q2-update.win32_1.4.0.202007081208/tools/bin/../lib/gcc/arm-none-eabi/7.3.1/../../../../arm-none-eabi/lib/thumb/v7e-m/crt0.o (exit)
c:/st/stm32cubeide_1.4.0/stm32cubeide/plugins/com.st.stm32cube.ide.mcu.externaltools.gnu-tools-for-stm32.7-2018-q2-update.win32_1.4.0.202007081208/tools/bin/../lib/gcc/arm-none-eabi/7.3.1/../../../../arm-none-eabi/lib/thumb/v7e-m\libc_nano.a(lib_a-impure.o)
                              c:/st/stm32cubeide_1.4.0/stm32cubeide/plugins/com.st.stm32cube.ide.mcu.externaltools.gnu-tools-for-stm32.7-2018-q2-update.win32_1.4.0.202007081208/tools/bin/../lib/gcc/arm-none-eabi/7.3.1/../../../../arm-none-eabi/lib/thumb/v7e-m\libc_nano.a(lib_a-exit.o) (_global_impure_ptr)
c:/st/stm32cubeide_1.4.0/stm32cubeide/plugins/com.st.stm32cube.ide.mcu.externaltools.gnu-tools-for-stm32.7-2018-q2-update.win32_1.4.0.202007081208/tools/bin/../lib/gcc/arm-none-eabi/7.3.1/../../../../arm-none-eabi/lib/thumb/v7e-m\libc_nano.a(lib_a-init.o)
                              c:/st/stm32cubeide_1.4.0/stm32cubeide/plugins/com.st.stm32cube.ide.mcu.externaltools.gnu-tools-for-stm32.7-2018-q2-update.win32_1.4.0.202007081208/tools/bin/../lib/gcc/arm-none-eabi/7.3.1/../../../../arm-none-eabi/lib/thumb/v7e-m/crt0.o (__libc_init_array)
c:/st/stm32cubeide_1.4.0/stm32cubeide/plugins/com.st.stm32cube.ide.mcu.externaltools.gnu-tools-for-stm32.7-2018-q2-update.win32_1.4.0.202007081208/tools/bin/../lib/gcc/arm-none-eabi/7.3.1/../../../../arm-none-eabi/lib/thumb/v7e-m\libc_nano.a(lib_a-memset.o)
                              c:/st/stm32cubeide_1.4.0/stm32cubeide/plugins/com.st.stm32cube.ide.mcu.externaltools.gnu-tools-for-stm32.7-2018-q2-update.win32_1.4.0.202007081208/tools/bin/../lib/gcc/arm-none-eabi/7.3.1/../../../../arm-none-eabi/lib/thumb/v7e-m/crt0.o (memset)
c:/st/stm32cubeide_1.4.0/stm32cubeide/plugins/com.st.stm32cube.ide.mcu.externaltools.gnu-tools-for-stm32.7-2018-q2-update.win32_1.4.0.202007081208/tools/bin/../lib/gcc/arm-none-eabi/7.3.1/../../../../arm-none-eabi/lib/thumb/v7e-m\libc_nano.a(lib_a-puts.o)
                              Src/exception_handler.o (puts)
c:/st/stm32cubeide_1.4.0/stm32cubeide/plugins/com.st.stm32cube.ide.mcu.externaltools.gnu-tools-for-stm32.7-2018-q2-update.win32_1.4.0.202007081208/tools/bin/../lib/gcc/arm-none-eabi/7.3.1/../../../../arm-none-eabi/lib/thumb/v7e-m\libc_nano.a(lib_a-wbuf.o)
                              c:/st/stm32cubeide_1.4.0/stm32cubeide/plugins/com.st.stm32cube.ide.mcu.externaltools.gnu-tools-for-stm32.7-2018-q2-update.win32_1.4.0.202007081208/tools/bin/../lib/gcc/arm-none-eabi/7.3.1/../../../../arm-none-eabi/lib/thumb/v7e-m\libc_nano.a(lib_a-puts.o) (__swbuf_r)
c:/st/stm32cubeide_1.4.0/stm32cubeide/plugins/com.st.stm32cube.ide.mcu.externaltools.gnu-tools-for-stm32.7-2018-q2-update.win32_1.4.0.202007081208/tools/bin/../lib/gcc/arm-none-eabi/7.3.1/../../../../arm-none-eabi/lib/thumb/v7e-m\libc_nano.a(lib_a-wsetup.o)
                              c:/st/stm32cubeide_1.4.0/stm32cubeide/plugins/com.st.stm32cube.ide.mcu.externaltools.gnu-tools-for-stm32.7-2018-q2-update.win32_1.4.0.202007081208/tools/bin/../lib/gcc/arm-none-eabi/7.3.1/../../../../arm-none-eabi/lib/thumb/v7e-m\libc_nano.a(lib_a-puts.o) (__swsetup_r)
c:/st/stm32cubeide_1.4.0/stm32cubeide/plugins/com.st.stm32cube.ide.mcu.externaltools.gnu-tools-for-stm32.7-2018-q2-update.win32_1.4.0.202007081208/tools/bin/../lib/gcc/arm-none-eabi/7.3.1/../../../../arm-none-eabi/lib/thumb/v7e-m\libc_nano.a(lib_a-fflush.o)
                              c:/st/stm32cubeide_1.4.0/stm32cubeide/plugins/com.st.stm32cube.ide.mcu.externaltools.gnu-tools-for-stm32.7-2018-q2-update.win32_1.4.0.202007081208/tools/bin/../lib/gcc/arm-none-eabi/7.3.1/../../../../arm-none-eabi/lib/thumb/v7e-m\libc_nano.a(lib_a-wbuf.o) (_fflush_r)
c:/st/stm32cubeide_1.4.0/stm32cubeide/plugins/com.st.stm32cube.ide.mcu.externaltools.gnu-tools-for-stm32.7-2018-q2-update.win32_1.4.0.202007081208/tools/bin/../lib/gcc/arm-none-eabi/7.3.1/../../../../arm-none-eabi/lib/thumb/v7e-m\libc_nano.a(lib_a-findfp.o)
[...]
Memory Configuration

Name             Origin             Length             Attributes
RAM              0x0000000020000000 0x0000000000020000 xrw
ROM              0x0000000008000000 0x0000000000080000 xr
*default*        0x0000000000000000 0xffffffffffffffff

Linker script and memory map

LOAD c:/st/stm32cubeide_1.4.0/stm32cubeide/plugins/com.st.stm32cube.ide.mcu.externaltools.gnu-tools-for-stm32.7-2018-q2-update.win32_1.4.0.202007081208/tools/bin/../lib/gcc/arm-none-eabi/7.3.1/thumb/v7e-m/crti.o
LOAD c:/st/stm32cubeide_1.4.0/stm32cubeide/plugins/com.st.stm32cube.ide.mcu.externaltools.gnu-tools-for-stm32.7-2018-q2-update.win32_1.4.0.202007081208/tools/bin/../lib/gcc/arm-none-eabi/7.3.1/thumb/v7e-m/crtbegin.o
LOAD c:/st/stm32cubeide_1.4.0/stm32cubeide/plugins/com.st.stm32cube.ide.mcu.externaltools.gnu-tools-for-stm32.7-2018-q2-update.win32_1.4.0.202007081208/tools/bin/../lib/gcc/arm-none-eabi/7.3.1/../../../../arm-none-eabi/lib/thumb/v7e-m/crt0.o
LOAD Src/exception_handler.o
LOAD Src/main.o
LOAD Src/rtos_stack_handler.o
LOAD Src/rtos_task_manager.o
LOAD Src/syscalls.o
LOAD Src/sysmem.o
LOAD Startup/startup_stm32f446retx.o
START GROUP
LOAD c:/st/stm32cubeide_1.4.0/stm32cubeide/plugins/com.st.stm32cube.ide.mcu.externaltools.gnu-tools-for-stm32.7-2018-q2-update.win32_1.4.0.202007081208/tools/bin/../lib/gcc/arm-none-eabi/7.3.1/../../../../arm-none-eabi/lib/thumb/v7e-m\libc_nano.a
LOAD c:/st/stm32cubeide_1.4.0/stm32cubeide/plugins/com.st.stm32cube.ide.mcu.externaltools.gnu-tools-for-stm32.7-2018-q2-update.win32_1.4.0.202007081208/tools/bin/../lib/gcc/arm-none-eabi/7.3.1/../../../../arm-none-eabi/lib/thumb/v7e-m\libm.a
END GROUP
START GROUP
LOAD c:/st/stm32cubeide_1.4.0/stm32cubeide/plugins/com.st.stm32cube.ide.mcu.externaltools.gnu-tools-for-stm32.7-2018-q2-update.win32_1.4.0.202007081208/tools/bin/../lib/gcc/arm-none-eabi/7.3.1/thumb/v7e-m\libgcc.a
LOAD c:/st/stm32cubeide_1.4.0/stm32cubeide/plugins/com.st.stm32cube.ide.mcu.externaltools.gnu-tools-for-stm32.7-2018-q2-update.win32_1.4.0.202007081208/tools/bin/../lib/gcc/arm-none-eabi/7.3.1/../../../../arm-none-eabi/lib/thumb/v7e-m\libc_nano.a
END GROUP
START GROUP
LOAD c:/st/stm32cubeide_1.4.0/stm32cubeide/plugins/com.st.stm32cube.ide.mcu.externaltools.gnu-tools-for-stm32.7-2018-q2-update.win32_1.4.0.202007081208/tools/bin/../lib/gcc/arm-none-eabi/7.3.1/thumb/v7e-m\libgcc.a
LOAD c:/st/stm32cubeide_1.4.0/stm32cubeide/plugins/com.st.stm32cube.ide.mcu.externaltools.gnu-tools-for-stm32.7-2018-q2-update.win32_1.4.0.202007081208/tools/bin/../lib/gcc/arm-none-eabi/7.3.1/../../../../arm-none-eabi/lib/thumb/v7e-m\libc_nano.a
LOAD c:/st/stm32cubeide_1.4.0/stm32cubeide/plugins/com.st.stm32cube.ide.mcu.externaltools.gnu-tools-for-stm32.7-2018-q2-update.win32_1.4.0.202007081208/tools/bin/../lib/gcc/arm-none-eabi/7.3.1/../../../../arm-none-eabi/lib/thumb/v7e-m\libnosys.a
END GROUP
START GROUP
LOAD c:/st/stm32cubeide_1.4.0/stm32cubeide/plugins/com.st.stm32cube.ide.mcu.externaltools.gnu-tools-for-stm32.7-2018-q2-update.win32_1.4.0.202007081208/tools/bin/../lib/gcc/arm-none-eabi/7.3.1/thumb/v7e-m\libgcc.a
LOAD c:/st/stm32cubeide_1.4.0/stm32cubeide/plugins/com.st.stm32cube.ide.mcu.externaltools.gnu-tools-for-stm32.7-2018-q2-update.win32_1.4.0.202007081208/tools/bin/../lib/gcc/arm-none-eabi/7.3.1/../../../../arm-none-eabi/lib/thumb/v7e-m\libc_nano.a
LOAD c:/st/stm32cubeide_1.4.0/stm32cubeide/plugins/com.st.stm32cube.ide.mcu.externaltools.gnu-tools-for-stm32.7-2018-q2-update.win32_1.4.0.202007081208/tools/bin/../lib/gcc/arm-none-eabi/7.3.1/../../../../arm-none-eabi/lib/thumb/v7e-m\libnosys.a
END GROUP
LOAD c:/st/stm32cubeide_1.4.0/stm32cubeide/plugins/com.st.stm32cube.ide.mcu.externaltools.gnu-tools-for-stm32.7-2018-q2-update.win32_1.4.0.202007081208/tools/bin/../lib/gcc/arm-none-eabi/7.3.1/thumb/v7e-m/crtend.o
LOAD c:/st/stm32cubeide_1.4.0/stm32cubeide/plugins/com.st.stm32cube.ide.mcu.externaltools.gnu-tools-for-stm32.7-2018-q2-update.win32_1.4.0.202007081208/tools/bin/../lib/gcc/arm-none-eabi/7.3.1/thumb/v7e-m/crtn.o
                0x0000000020020000                _estack = (ORIGIN (RAM) + LENGTH (RAM))
                0x0000000000000200                _Min_Heap_Size = 0x200
                0x0000000000000400                _Min_Stack_Size = 0x400

.isr_vector     0x0000000008000000      0x1c4
                0x0000000008000000                . = ALIGN (0x4)
 *(.isr_vector)
 .isr_vector    0x0000000008000000      0x1c4 Startup/startup_stm32f446retx.o
                0x0000000008000000                g_pfnVectors
                0x00000000080001c4                . = ALIGN (0x4)

.text           0x00000000080001c4      0xfbc
                0x00000000080001c4                . = ALIGN (0x4)
 *(.text)
 .text          0x00000000080001c4       0x40 c:/st/stm32cubeide_1.4.0/stm32cubeide/plugins/com.st.stm32cube.ide.mcu.externaltools.gnu-tools-for-stm32.7-2018-q2-update.win32_1.4.0.202007081208/tools/bin/../lib/gcc/arm-none-eabi/7.3.1/thumb/v7e-m/crtbegin.o
 *(.text*)
 .text.Init_SysTick_Timer
                0x0000000008000204       0x58 Src/exception_handler.o
                0x0000000008000204                Init_SysTick_Timer
 .text.Enable_Exceptions
                0x000000000800025c       0x24 Src/exception_handler.o
                0x000000000800025c                Enable_Exceptions
 .text.SysTick_Handler
                0x0000000008000280       0x26 Src/exception_handler.o
                0x0000000008000280                SysTick_Handler
 *fill*         0x00000000080002a6        0x2 
 .text.BusFault_Handler
                0x00000000080002a8       0x10 Src/exception_handler.o
                0x00000000080002a8                BusFault_Handler
 .text.MemManage_Handler
                0x00000000080002b8       0x10 Src/exception_handler.o
                0x00000000080002b8                MemManage_Handler
 .text.UsageFault_Handler
                0x00000000080002c8       0x10 Src/exception_handler.o
                0x00000000080002c8                UsageFault_Handler
 .text.main     0x00000000080002d8       0x68 Src/main.o
                0x00000000080002d8                main
 .text.Task1_Handler
                0x0000000008000340       0x40 Src/main.o
                0x0000000008000340                Task1_Handler
 .text.Task2_Handler
                0x0000000008000380       0x40 Src/main.o
                0x0000000008000380                Task2_Handler
 .text.Task3_Handler
                0x00000000080003c0       0x40 Src/main.o
                0x00000000080003c0                Task3_Handler
 .text.Task4_Handler
                0x0000000008000400       0x40 Src/main.o
                0x0000000008000400                Task4_Handler
 .text.Init_Sched_Stack
                0x0000000008000440        0xa Src/rtos_stack_handler.o
                0x0000000008000440                Init_Sched_Stack
 *fill*         0x000000000800044a        0x2 
 .text.Create_Stack_Space
                0x000000000800044c       0x48 Src/rtos_stack_handler.o
                0x000000000800044c                Create_Stack_Space
 .text.Init_Task_Handlers
                0x0000000008000494       0x34 Src/rtos_stack_handler.o
                0x0000000008000494                Init_Task_Handlers
 .text.Init_Task_Stack
                0x00000000080004c8       0x98 Src/rtos_stack_handler.o
                0x00000000080004c8                Init_Task_Stack
 .text.Switch_SP_to_PSP
                0x0000000008000560       0x1a Src/rtos_stack_handler.o
                0x0000000008000560                Switch_SP_to_PSP
 *fill*         0x000000000800057a        0x2 
 .text.Get_PSP_Value
                0x000000000800057c       0x20 Src/rtos_stack_handler.o
                0x000000000800057c                Get_PSP_Value
 .text.Save_PSP_Value
                0x000000000800059c       0x28 Src/rtos_stack_handler.o
                0x000000000800059c                Save_PSP_Value
 .text.RTOS_Create_Task
                0x00000000080005c4       0x54 Src/rtos_task_manager.o
                0x00000000080005c4                RTOS_Create_Task
 .text.RTOS_Operate
                0x0000000008000618       0x28 Src/rtos_task_manager.o
                0x0000000008000618                RTOS_Operate
 .text.RTOS_Start
                0x0000000008000640       0x14 Src/rtos_task_manager.o
                0x0000000008000640                RTOS_Start
 .text.ITM_SendChar
                0x0000000008000654       0x4c Src/syscalls.o
                0x0000000008000654                ITM_SendChar
 .text._read    0x00000000080006a0       0x3a Src/syscalls.o
                0x00000000080006a0                _read
 .text._write   0x00000000080006da       0x38 Src/syscalls.o
                0x00000000080006da                _write
 .text._close   0x0000000008000712       0x16 Src/syscalls.o
                0x0000000008000712                _close
 .text._fstat   0x0000000008000728       0x1e Src/syscalls.o
                0x0000000008000728                _fstat
 .text._isatty  0x0000000008000746       0x14 Src/syscalls.o
                0x0000000008000746                _isatty
 .text._lseek   0x000000000800075a       0x18 Src/syscalls.o
                0x000000000800075a                _lseek
 *fill*         0x0000000008000772        0x2 
 .text._sbrk    0x0000000008000774       0x6c Src/sysmem.o
                0x0000000008000774                _sbrk
 .text.Reset_Handler
                0x00000000080007e0       0x50 Startup/startup_stm32f446retx.o
                0x00000000080007e0                Reset_Handler
 .text.Default_Handler
                0x0000000008000830        0x2 Startup/startup_stm32f446retx.o
                0x0000000008000830                RTC_Alarm_IRQHandler
                0x0000000008000830                EXTI2_IRQHandler
                0x0000000008000830                TIM8_CC_IRQHandler
                0x0000000008000830                SPDIF_Rx_IRQHandler
                0x0000000008000830                DebugMon_Handler
                0x0000000008000830                SPI4_IRQHandler
                0x0000000008000830                TIM1_CC_IRQHandler
                0x0000000008000830                QuadSPI_IRQHandler
                0x0000000008000830                DMA2_Stream5_IRQHandler
                0x0000000008000830                HardFault_Handler
                0x0000000008000830                DMA1_Stream5_IRQHandler
                0x0000000008000830                PVD_IRQHandler
                0x0000000008000830                SDIO_IRQHandler
                0x0000000008000830                TAMP_STAMP_IRQHandler
                0x0000000008000830                PendSV_Handler
                0x0000000008000830                NMI_Handler
                0x0000000008000830                CAN2_RX1_IRQHandler
                0x0000000008000830                EXTI3_IRQHandler
                0x0000000008000830                TIM8_TRG_COM_TIM14_IRQHandler
                0x0000000008000830                TIM1_UP_TIM10_IRQHandler
                0x0000000008000830                FMPI2C1_error_IRQHandler
                0x0000000008000830                TIM8_UP_TIM13_IRQHandler
                0x0000000008000830                I2C3_ER_IRQHandler
                0x0000000008000830                EXTI0_IRQHandler
                0x0000000008000830                I2C2_EV_IRQHandler
                0x0000000008000830                DMA1_Stream2_IRQHandler
                0x0000000008000830                CAN1_RX0_IRQHandler
                0x0000000008000830                FPU_IRQHandler
                0x0000000008000830                OTG_HS_WKUP_IRQHandler
                0x0000000008000830                CAN2_SCE_IRQHandler
                0x0000000008000830                DMA2_Stream2_IRQHandler
                0x0000000008000830                SPI1_IRQHandler
                0x0000000008000830                TIM6_DAC_IRQHandler
                0x0000000008000830                TIM1_BRK_TIM9_IRQHandler
                0x0000000008000830                DCMI_IRQHandler
                0x0000000008000830                CAN2_RX0_IRQHandler
                0x0000000008000830                DMA2_Stream3_IRQHandler
                0x0000000008000830                FMPI2C1_IRQHandler
                0x0000000008000830                SAI2_IRQHandler
                0x0000000008000830                USART6_IRQHandler
                0x0000000008000830                USART3_IRQHandler
                0x0000000008000830                CAN1_RX1_IRQHandler
                0x0000000008000830                UART5_IRQHandler
                0x0000000008000830                DMA2_Stream0_IRQHandler
                0x0000000008000830                TIM4_IRQHandler
                0x0000000008000830                I2C1_EV_IRQHandler
                0x0000000008000830                HDMI_CEC_IRQHandler
                0x0000000008000830                DMA1_Stream6_IRQHandler
                0x0000000008000830                DMA1_Stream1_IRQHandler
                0x0000000008000830                UART4_IRQHandler
                0x0000000008000830                TIM3_IRQHandler
                0x0000000008000830                RCC_IRQHandler
                0x0000000008000830                TIM8_BRK_TIM12_IRQHandler
                0x0000000008000830                Default_Handler
                0x0000000008000830                EXTI15_10_IRQHandler
                0x0000000008000830                ADC_IRQHandler
                0x0000000008000830                DMA1_Stream7_IRQHandler
                0x0000000008000830                TIM7_IRQHandler
                0x0000000008000830                CAN2_TX_IRQHandler
                0x0000000008000830                TIM5_IRQHandler
                0x0000000008000830                DMA2_Stream7_IRQHandler
                0x0000000008000830                I2C3_EV_IRQHandler
                0x0000000008000830                EXTI9_5_IRQHandler
                0x0000000008000830                RTC_WKUP_IRQHandler
                0x0000000008000830                SPI2_IRQHandler
                0x0000000008000830                OTG_HS_EP1_IN_IRQHandler
                0x0000000008000830                DMA1_Stream0_IRQHandler
                0x0000000008000830                CAN1_TX_IRQHandler
                0x0000000008000830                SVC_Handler
                0x0000000008000830                EXTI4_IRQHandler
                0x0000000008000830                OTG_HS_EP1_OUT_IRQHandler
                0x0000000008000830                WWDG_IRQHandler
                0x0000000008000830                TIM2_IRQHandler
                0x0000000008000830                OTG_FS_WKUP_IRQHandler
                0x0000000008000830                TIM1_TRG_COM_TIM11_IRQHandler
                0x0000000008000830                OTG_HS_IRQHandler
                0x0000000008000830                EXTI1_IRQHandler
                0x0000000008000830                USART2_IRQHandler
                0x0000000008000830                I2C2_ER_IRQHandler
                0x0000000008000830                DMA2_Stream1_IRQHandler
                0x0000000008000830                CAN1_SCE_IRQHandler
                0x0000000008000830                FLASH_IRQHandler
                0x0000000008000830                DMA2_Stream4_IRQHandler
                0x0000000008000830                USART1_IRQHandler
                0x0000000008000830                OTG_FS_IRQHandler
                0x0000000008000830                SPI3_IRQHandler
                0x0000000008000830                DMA1_Stream4_IRQHandler
                0x0000000008000830                I2C1_ER_IRQHandler
                0x0000000008000830                FMC_IRQHandler
                0x0000000008000830                DMA2_Stream6_IRQHandler
                0x0000000008000830                SAI1_IRQHandler
                0x0000000008000830                DMA1_Stream3_IRQHandler
 *fill*         0x0000000008000832        0x2 
 .text.__errno  0x0000000008000834        0xc c:/st/stm32cubeide_1.4.0/stm32cubeide/plugins/com.st.stm32cube.ide.mcu.externaltools.gnu-tools-for-stm32.7-2018-q2-update.win32_1.4.0.202007081208/tools/bin/../lib/gcc/arm-none-eabi/7.3.1/../../../../arm-none-eabi/lib/thumb/v7e-m\libc_nano.a(lib_a-errno.o)
                0x0000000008000834                __errno
 .text.__libc_init_array
                0x0000000008000840       0x48 c:/st/stm32cubeide_1.4.0/stm32cubeide/plugins/com.st.stm32cube.ide.mcu.externaltools.gnu-tools-for-stm32.7-2018-q2-update.win32_1.4.0.202007081208/tools/bin/../lib/gcc/arm-none-eabi/7.3.1/../../../../arm-none-eabi/lib/thumb/v7e-m\libc_nano.a(lib_a-init.o)
                0x0000000008000840                __libc_init_array
 .text.memset   0x0000000008000888       0x10 c:/st/stm32cubeide_1.4.0/stm32cubeide/plugins/com.st.stm32cube.ide.mcu.externaltools.gnu-tools-for-stm32.7-2018-q2-update.win32_1.4.0.202007081208/tools/bin/../lib/gcc/arm-none-eabi/7.3.1/../../../../arm-none-eabi/lib/thumb/v7e-m\libc_nano.a(lib_a-memset.o)
                0x0000000008000888                memset
 .text._puts_r  0x0000000008000898       0xb8 c:/st/stm32cubeide_1.4.0/stm32cubeide/plugins/com.st.stm32cube.ide.mcu.externaltools.gnu-tools-for-stm32.7-2018-q2-update.win32_1.4.0.202007081208/tools/bin/../lib/gcc/arm-none-eabi/7.3.1/../../../../arm-none-eabi/lib/thumb/v7e-m\libc_nano.a(lib_a-puts.o)
                0x0000000008000898                _puts_r
 .text.puts     0x0000000008000950       0x10 c:/st/stm32cubeide_1.4.0/stm32cubeide/plugins/com.st.stm32cube.ide.mcu.externaltools.gnu-tools-for-stm32.7-2018-q2-update.win32_1.4.0.202007081208/tools/bin/../lib/gcc/arm-none-eabi/7.3.1/../../../../arm-none-eabi/lib/thumb/v7e-m\libc_nano.a(lib_a-puts.o)
                0x0000000008000950                puts
 .text.__swbuf_r
                0x0000000008000960       0xa4 c:/st/stm32cubeide_1.4.0/stm32cubeide/plugins/com.st.stm32cube.ide.mcu.externaltools.gnu-tools-for-stm32.7-2018-q2-update.win32_1.4.0.202007081208/tools/bin/../lib/gcc/arm-none-eabi/7.3.1/../../../../arm-none-eabi/lib/thumb/v7e-m\libc_nano.a(lib_a-wbuf.o)
                0x0000000008000960                __swbuf_r
 .text.__swsetup_r
                0x0000000008000a04       0xdc c:/st/stm32cubeide_1.4.0/stm32cubeide/plugins/com.st.stm32cube.ide.mcu.externaltools.gnu-tools-for-stm32.7-2018-q2-update.win32_1.4.0.202007081208/tools/bin/../lib/gcc/arm-none-eabi/7.3.1/../../../../arm-none-eabi/lib/thumb/v7e-m\libc_nano.a(lib_a-wsetup.o)
                0x0000000008000a04                __swsetup_r
 .text.__sflush_r
                0x0000000008000ae0      0x10c c:/st/stm32cubeide_1.4.0/stm32cubeide/plugins/com.st.stm32cube.ide.mcu.externaltools.gnu-tools-for-stm32.7-2018-q2-update.win32_1.4.0.202007081208/tools/bin/../lib/gcc/arm-none-eabi/7.3.1/../../../../arm-none-eabi/lib/thumb/v7e-m\libc_nano.a(lib_a-fflush.o)
                0x0000000008000ae0                __sflush_r
 .text._fflush_r
                0x0000000008000bec       0x54 c:/st/stm32cubeide_1.4.0/stm32cubeide/plugins/com.st.stm32cube.ide.mcu.externaltools.gnu-tools-for-stm32.7-2018-q2-update.win32_1.4.0.202007081208/tools/bin/../lib/gcc/arm-none-eabi/7.3.1/../../../../arm-none-eabi/lib/thumb/v7e-m\libc_nano.a(lib_a-fflush.o)
                0x0000000008000bec                _fflush_r
 .text.std      0x0000000008000c40       0x48 c:/st/stm32cubeide_1.4.0/stm32cubeide/plugins/com.st.stm32cube.ide.mcu.externaltools.gnu-tools-for-stm32.7-2018-q2-update.win32_1.4.0.202007081208/tools/bin/../lib/gcc/arm-none-eabi/7.3.1/../../../../arm-none-eabi/lib/thumb/v7e-m\libc_nano.a(lib_a-findfp.o)
 .text._cleanup_r
                0x0000000008000c88        0xc c:/st/stm32cubeide_1.4.0/stm32cubeide/plugins/com.st.stm32cube.ide.mcu.externaltools.gnu-tools-for-stm32.7-2018-q2-update.win32_1.4.0.202007081208/tools/bin/../lib/gcc/arm-none-eabi/7.3.1/../../../../arm-none-eabi/lib/thumb/v7e-m\libc_nano.a(lib_a-findfp.o)
                0x0000000008000c88                _cleanup_r
 .text.__sfmoreglue
                0x0000000008000c94       0x2c c:/st/stm32cubeide_1.4.0/stm32cubeide/plugins/com.st.stm32cube.ide.mcu.externaltools.gnu-tools-for-stm32.7-2018-q2-update.win32_1.4.0.202007081208/tools/bin/../lib/gcc/arm-none-eabi/7.3.1/../../../../arm-none-eabi/lib/thumb/v7e-m\libc_nano.a(lib_a-findfp.o)
                0x0000000008000c94                __sfmoreglue
 .text.__sinit  0x0000000008000cc0       0x60 c:/st/stm32cubeide_1.4.0/stm32cubeide/plugins/com.st.stm32cube.ide.mcu.externaltools.gnu-tools-for-stm32.7-2018-q2-update.win32_1.4.0.202007081208/tools/bin/../lib/gcc/arm-none-eabi/7.3.1/../../../../arm-none-eabi/lib/thumb/v7e-m\libc_nano.a(lib_a-findfp.o)
                0x0000000008000cc0                __sinit
 .text.__sfp    0x0000000008000d20       0x78 c:/st/stm32cubeide_1.4.0/stm32cubeide/plugins/com.st.stm32cube.ide.mcu.externaltools.gnu-tools-for-stm32.7-2018-q2-update.win32_1.4.0.202007081208/tools/bin/../lib/gcc/arm-none-eabi/7.3.1/../../../../arm-none-eabi/lib/thumb/v7e-m\libc_nano.a(lib_a-findfp.o)
                0x0000000008000d20                __sfp
 .text._fwalk_reent
                0x0000000008000d98       0x3c c:/st/stm32cubeide_1.4.0/stm32cubeide/plugins/com.st.stm32cube.ide.mcu.externaltools.gnu-tools-for-stm32.7-2018-q2-update.win32_1.4.0.202007081208/tools/bin/../lib/gcc/arm-none-eabi/7.3.1/../../../../arm-none-eabi/lib/thumb/v7e-m\libc_nano.a(lib_a-fwalk.o)
                0x0000000008000d98                _fwalk_reent
 .text.__swhatbuf_r
                0x0000000008000dd4       0x48 c:/st/stm32cubeide_1.4.0/stm32cubeide/plugins/com.st.stm32cube.ide.mcu.externaltools.gnu-tools-for-stm32.7-2018-q2-update.win32_1.4.0.202007081208/tools/bin/../lib/gcc/arm-none-eabi/7.3.1/../../../../arm-none-eabi/lib/thumb/v7e-m\libc_nano.a(lib_a-makebuf.o)
                0x0000000008000dd4                __swhatbuf_r
 .text.__smakebuf_r
                0x0000000008000e1c       0x80 c:/st/stm32cubeide_1.4.0/stm32cubeide/plugins/com.st.stm32cube.ide.mcu.externaltools.gnu-tools-for-stm32.7-2018-q2-update.win32_1.4.0.202007081208/tools/bin/../lib/gcc/arm-none-eabi/7.3.1/../../../../arm-none-eabi/lib/thumb/v7e-m\libc_nano.a(lib_a-makebuf.o)
                0x0000000008000e1c                __smakebuf_r
 .text._free_r  0x0000000008000e9c       0x9c c:/st/stm32cubeide_1.4.0/stm32cubeide/plugins/com.st.stm32cube.ide.mcu.externaltools.gnu-tools-for-stm32.7-2018-q2-update.win32_1.4.0.202007081208/tools/bin/../lib/gcc/arm-none-eabi/7.3.1/../../../../arm-none-eabi/lib/thumb/v7e-m\libc_nano.a(lib_a-nano-freer.o)
                0x0000000008000e9c                _free_r
 .text._malloc_r
                0x0000000008000f38       0xb4 c:/st/stm32cubeide_1.4.0/stm32cubeide/plugins/com.st.stm32cube.ide.mcu.externaltools.gnu-tools-for-stm32.7-2018-q2-update.win32_1.4.0.202007081208/tools/bin/../lib/gcc/arm-none-eabi/7.3.1/../../../../arm-none-eabi/lib/thumb/v7e-m\libc_nano.a(lib_a-nano-mallocr.o)
                0x0000000008000f38                _malloc_r
 .text._sbrk_r  0x0000000008000fec       0x20 c:/st/stm32cubeide_1.4.0/stm32cubeide/plugins/com.st.stm32cube.ide.mcu.externaltools.gnu-tools-for-stm32.7-2018-q2-update.win32_1.4.0.202007081208/tools/bin/../lib/gcc/arm-none-eabi/7.3.1/../../../../arm-none-eabi/lib/thumb/v7e-m\libc_nano.a(lib_a-sbrkr.o)
                0x0000000008000fec                _sbrk_r
 .text.__sread  0x000000000800100c       0x22 c:/st/stm32cubeide_1.4.0/stm32cubeide/plugins/com.st.stm32cube.ide.mcu.externaltools.gnu-tools-for-stm32.7-2018-q2-update.win32_1.4.0.202007081208/tools/bin/../lib/gcc/arm-none-eabi/7.3.1/../../../../arm-none-eabi/lib/thumb/v7e-m\libc_nano.a(lib_a-stdio.o)
                0x000000000800100c                __sread
 .text.__swrite
                0x000000000800102e       0x38 c:/st/stm32cubeide_1.4.0/stm32cubeide/plugins/com.st.stm32cube.ide.mcu.externaltools.gnu-tools-for-stm32.7-2018-q2-update.win32_1.4.0.202007081208/tools/bin/../lib/gcc/arm-none-eabi/7.3.1/../../../../arm-none-eabi/lib/thumb/v7e-m\libc_nano.a(lib_a-stdio.o)
                0x000000000800102e                __swrite
 .text.__sseek  0x0000000008001066       0x24 c:/st/stm32cubeide_1.4.0/stm32cubeide/plugins/com.st.stm32cube.ide.mcu.externaltools.gnu-tools-for-stm32.7-2018-q2-update.win32_1.4.0.202007081208/tools/bin/../lib/gcc/arm-none-eabi/7.3.1/../../../../arm-none-eabi/lib/thumb/v7e-m\libc_nano.a(lib_a-stdio.o)
                0x0000000008001066                __sseek
 .text.__sclose
                0x000000000800108a        0x8 c:/st/stm32cubeide_1.4.0/stm32cubeide/plugins/com.st.stm32cube.ide.mcu.externaltools.gnu-tools-for-stm32.7-2018-q2-update.win32_1.4.0.202007081208/tools/bin/../lib/gcc/arm-none-eabi/7.3.1/../../../../arm-none-eabi/lib/thumb/v7e-m\libc_nano.a(lib_a-stdio.o)
                0x000000000800108a                __sclose
 *fill*         0x0000000008001092        0x2 
 .text._write_r
                0x0000000008001094       0x24 c:/st/stm32cubeide_1.4.0/stm32cubeide/plugins/com.st.stm32cube.ide.mcu.externaltools.gnu-tools-for-stm32.7-2018-q2-update.win32_1.4.0.202007081208/tools/bin/../lib/gcc/arm-none-eabi/7.3.1/../../../../arm-none-eabi/lib/thumb/v7e-m\libc_nano.a(lib_a-writer.o)
                0x0000000008001094                _write_r
 .text._close_r
                0x00000000080010b8       0x20 c:/st/stm32cubeide_1.4.0/stm32cubeide/plugins/com.st.stm32cube.ide.mcu.externaltools.gnu-tools-for-stm32.7-2018-q2-update.win32_1.4.0.202007081208/tools/bin/../lib/gcc/arm-none-eabi/7.3.1/../../../../arm-none-eabi/lib/thumb/v7e-m\libc_nano.a(lib_a-closer.o)
                0x00000000080010b8                _close_r
 .text._fstat_r
                0x00000000080010d8       0x24 c:/st/stm32cubeide_1.4.0/stm32cubeide/plugins/com.st.stm32cube.ide.mcu.externaltools.gnu-tools-for-stm32.7-2018-q2-update.win32_1.4.0.202007081208/tools/bin/../lib/gcc/arm-none-eabi/7.3.1/../../../../arm-none-eabi/lib/thumb/v7e-m\libc_nano.a(lib_a-fstatr.o)
                0x00000000080010d8                _fstat_r
 .text._isatty_r
                0x00000000080010fc       0x20 c:/st/stm32cubeide_1.4.0/stm32cubeide/plugins/com.st.stm32cube.ide.mcu.externaltools.gnu-tools-for-stm32.7-2018-q2-update.win32_1.4.0.202007081208/tools/bin/../lib/gcc/arm-none-eabi/7.3.1/../../../../arm-none-eabi/lib/thumb/v7e-m\libc_nano.a(lib_a-isattyr.o)
                0x00000000080010fc                _isatty_r
 .text._lseek_r
                0x000000000800111c       0x24 c:/st/stm32cubeide_1.4.0/stm32cubeide/plugins/com.st.stm32cube.ide.mcu.externaltools.gnu-tools-for-stm32.7-2018-q2-update.win32_1.4.0.202007081208/tools/bin/../lib/gcc/arm-none-eabi/7.3.1/../../../../arm-none-eabi/lib/thumb/v7e-m\libc_nano.a(lib_a-lseekr.o)
                0x000000000800111c                _lseek_r
 .text.__malloc_lock
                0x0000000008001140        0x2 c:/st/stm32cubeide_1.4.0/stm32cubeide/plugins/com.st.stm32cube.ide.mcu.externaltools.gnu-tools-for-stm32.7-2018-q2-update.win32_1.4.0.202007081208/tools/bin/../lib/gcc/arm-none-eabi/7.3.1/../../../../arm-none-eabi/lib/thumb/v7e-m\libc_nano.a(lib_a-mlock.o)
                0x0000000008001140                __malloc_lock
 .text.__malloc_unlock
                0x0000000008001142        0x2 c:/st/stm32cubeide_1.4.0/stm32cubeide/plugins/com.st.stm32cube.ide.mcu.externaltools.gnu-tools-for-stm32.7-2018-q2-update.win32_1.4.0.202007081208/tools/bin/../lib/gcc/arm-none-eabi/7.3.1/../../../../arm-none-eabi/lib/thumb/v7e-m\libc_nano.a(lib_a-mlock.o)
                0x0000000008001142                __malloc_unlock
 .text._read_r  0x0000000008001144       0x24 c:/st/stm32cubeide_1.4.0/stm32cubeide/plugins/com.st.stm32cube.ide.mcu.externaltools.gnu-tools-for-stm32.7-2018-q2-update.win32_1.4.0.202007081208/tools/bin/../lib/gcc/arm-none-eabi/7.3.1/../../../../arm-none-eabi/lib/thumb/v7e-m\libc_nano.a(lib_a-readr.o)
                0x0000000008001144                _read_r
 *(.glue_7)
 .glue_7        0x0000000008001168        0x0 linker stubs
 *(.glue_7t)
 .glue_7t       0x0000000008001168        0x0 linker stubs
 *(.eh_frame)
 .eh_frame      0x0000000008001168        0x0 c:/st/stm32cubeide_1.4.0/stm32cubeide/plugins/com.st.stm32cube.ide.mcu.externaltools.gnu-tools-for-stm32.7-2018-q2-update.win32_1.4.0.202007081208/tools/bin/../lib/gcc/arm-none-eabi/7.3.1/thumb/v7e-m/crtbegin.o
 *(.init)
 .init          0x0000000008001168        0x4 c:/st/stm32cubeide_1.4.0/stm32cubeide/plugins/com.st.stm32cube.ide.mcu.externaltools.gnu-tools-for-stm32.7-2018-q2-update.win32_1.4.0.202007081208/tools/bin/../lib/gcc/arm-none-eabi/7.3.1/thumb/v7e-m/crti.o
                0x0000000008001168                _init
 .init          0x000000000800116c        0x8 c:/st/stm32cubeide_1.4.0/stm32cubeide/plugins/com.st.stm32cube.ide.mcu.externaltools.gnu-tools-for-stm32.7-2018-q2-update.win32_1.4.0.202007081208/tools/bin/../lib/gcc/arm-none-eabi/7.3.1/thumb/v7e-m/crtn.o
 *(.fini)
 .fini          0x0000000008001174        0x4 c:/st/stm32cubeide_1.4.0/stm32cubeide/plugins/com.st.stm32cube.ide.mcu.externaltools.gnu-tools-for-stm32.7-2018-q2-update.win32_1.4.0.202007081208/tools/bin/../lib/gcc/arm-none-eabi/7.3.1/thumb/v7e-m/crti.o
                0x0000000008001174                _fini
 .fini          0x0000000008001178        0x8 c:/st/stm32cubeide_1.4.0/stm32cubeide/plugins/com.st.stm32cube.ide.mcu.externaltools.gnu-tools-for-stm32.7-2018-q2-update.win32_1.4.0.202007081208/tools/bin/../lib/gcc/arm-none-eabi/7.3.1/thumb/v7e-m/crtn.o
                0x0000000008001180                . = ALIGN (0x4)
                0x0000000008001180                _etext = .

.vfp11_veneer   0x0000000008001180        0x0
 .vfp11_veneer  0x0000000008001180        0x0 linker stubs

.v4_bx          0x0000000008001180        0x0
 .v4_bx         0x0000000008001180        0x0 linker stubs

.iplt           0x0000000008001180        0x0
 .iplt          0x0000000008001180        0x0 c:/st/stm32cubeide_1.4.0/stm32cubeide/plugins/com.st.stm32cube.ide.mcu.externaltools.gnu-tools-for-stm32.7-2018-q2-update.win32_1.4.0.202007081208/tools/bin/../lib/gcc/arm-none-eabi/7.3.1/thumb/v7e-m/crtbegin.o

.rodata         0x0000000008001180      0x11c
                0x0000000008001180                . = ALIGN (0x4)
 *(.rodata)
 .rodata        0x0000000008001180       0x68 Src/exception_handler.o
 .rodata        0x00000000080011e8       0x4e Src/main.o
 *(.rodata*)
 *fill*         0x0000000008001236        0x2 
 .rodata._global_impure_ptr
                0x0000000008001238        0x4 c:/st/stm32cubeide_1.4.0/stm32cubeide/plugins/com.st.stm32cube.ide.mcu.externaltools.gnu-tools-for-stm32.7-2018-q2-update.win32_1.4.0.202007081208/tools/bin/../lib/gcc/arm-none-eabi/7.3.1/../../../../arm-none-eabi/lib/thumb/v7e-m\libc_nano.a(lib_a-impure.o)
                0x0000000008001238                _global_impure_ptr
 .rodata.__sf_fake_stderr
                0x000000000800123c       0x20 c:/st/stm32cubeide_1.4.0/stm32cubeide/plugins/com.st.stm32cube.ide.mcu.externaltools.gnu-tools-for-stm32.7-2018-q2-update.win32_1.4.0.202007081208/tools/bin/../lib/gcc/arm-none-eabi/7.3.1/../../../../arm-none-eabi/lib/thumb/v7e-m\libc_nano.a(lib_a-findfp.o)
                0x000000000800123c                __sf_fake_stderr
 .rodata.__sf_fake_stdin
                0x000000000800125c       0x20 c:/st/stm32cubeide_1.4.0/stm32cubeide/plugins/com.st.stm32cube.ide.mcu.externaltools.gnu-tools-for-stm32.7-2018-q2-update.win32_1.4.0.202007081208/tools/bin/../lib/gcc/arm-none-eabi/7.3.1/../../../../arm-none-eabi/lib/thumb/v7e-m\libc_nano.a(lib_a-findfp.o)
                0x000000000800125c                __sf_fake_stdin
 .rodata.__sf_fake_stdout
                0x000000000800127c       0x20 c:/st/stm32cubeide_1.4.0/stm32cubeide/plugins/com.st.stm32cube.ide.mcu.externaltools.gnu-tools-for-stm32.7-2018-q2-update.win32_1.4.0.202007081208/tools/bin/../lib/gcc/arm-none-eabi/7.3.1/../../../../arm-none-eabi/lib/thumb/v7e-m\libc_nano.a(lib_a-findfp.o)
                0x000000000800127c                __sf_fake_stdout
                0x000000000800129c                . = ALIGN (0x4)

.rel.dyn        0x000000000800129c        0x0
 .rel.iplt      0x000000000800129c        0x0 c:/st/stm32cubeide_1.4.0/stm32cubeide/plugins/com.st.stm32cube.ide.mcu.externaltools.gnu-tools-for-stm32.7-2018-q2-update.win32_1.4.0.202007081208/tools/bin/../lib/gcc/arm-none-eabi/7.3.1/thumb/v7e-m/crtbegin.o

.ARM.extab      0x000000000800129c        0x0
                0x000000000800129c                . = ALIGN (0x4)
 *(.ARM.extab* .gnu.linkonce.armextab.*)
                0x000000000800129c                . = ALIGN (0x4)

.ARM            0x000000000800129c        0x0
                0x000000000800129c                . = ALIGN (0x4)
                0x000000000800129c                __exidx_start = .
 *(.ARM.exidx*)
                0x000000000800129c                __exidx_end = .
                0x000000000800129c                . = ALIGN (0x4)

.preinit_array  0x000000000800129c        0x0
                0x000000000800129c                . = ALIGN (0x4)
                0x000000000800129c                PROVIDE (__preinit_array_start = .)
 *(.preinit_array*)
                0x000000000800129c                PROVIDE (__preinit_array_end = .)
                0x000000000800129c                . = ALIGN (0x4)

.init_array     0x000000000800129c        0x4
                0x000000000800129c                . = ALIGN (0x4)
                0x000000000800129c                PROVIDE (__init_array_start = .)
 *(SORT_BY_NAME(.init_array.*))
 *(.init_array*)
 .init_array    0x000000000800129c        0x4 c:/st/stm32cubeide_1.4.0/stm32cubeide/plugins/com.st.stm32cube.ide.mcu.externaltools.gnu-tools-for-stm32.7-2018-q2-update.win32_1.4.0.202007081208/tools/bin/../lib/gcc/arm-none-eabi/7.3.1/thumb/v7e-m/crtbegin.o
                0x00000000080012a0                PROVIDE (__init_array_end = .)
                0x00000000080012a0                . = ALIGN (0x4)

.fini_array     0x00000000080012a0        0x4
                0x00000000080012a0                . = ALIGN (0x4)
                [!provide]                        PROVIDE (__fini_array_start = .)
 *(SORT_BY_NAME(.fini_array.*))
 *(.fini_array*)
 .fini_array    0x00000000080012a0        0x4 c:/st/stm32cubeide_1.4.0/stm32cubeide/plugins/com.st.stm32cube.ide.mcu.externaltools.gnu-tools-for-stm32.7-2018-q2-update.win32_1.4.0.202007081208/tools/bin/../lib/gcc/arm-none-eabi/7.3.1/thumb/v7e-m/crtbegin.o
                [!provide]                        PROVIDE (__fini_array_end = .)
                0x00000000080012a4                . = ALIGN (0x4)
                0x00000000080012a4                _sidata = LOADADDR (.data)

.data           0x0000000020000000       0x6c load address 0x00000000080012a4
                0x0000000020000000                . = ALIGN (0x4)
                0x0000000020000000                _sdata = .
 *(.data)
 *(.data*)
 .data.print_t1
                0x0000000020000000        0x1 Src/main.o
 .data.print_t2
                0x0000000020000001        0x1 Src/main.o
 .data.print_t3
                0x0000000020000002        0x1 Src/main.o
 .data.print_t4
                0x0000000020000003        0x1 Src/main.o
 .data.TASK_STACK_TOS
                0x0000000020000004        0x4 Src/rtos_stack_handler.o
 .data._impure_ptr
                0x0000000020000008        0x4 c:/st/stm32cubeide_1.4.0/stm32cubeide/plugins/com.st.stm32cube.ide.mcu.externaltools.gnu-tools-for-stm32.7-2018-q2-update.win32_1.4.0.202007081208/tools/bin/../lib/gcc/arm-none-eabi/7.3.1/../../../../arm-none-eabi/lib/thumb/v7e-m\libc_nano.a(lib_a-impure.o)
                0x0000000020000008                _impure_ptr
 .data.impure_data
                0x000000002000000c       0x60 c:/st/stm32cubeide_1.4.0/stm32cubeide/plugins/com.st.stm32cube.ide.mcu.externaltools.gnu-tools-for-stm32.7-2018-q2-update.win32_1.4.0.202007081208/tools/bin/../lib/gcc/arm-none-eabi/7.3.1/../../../../arm-none-eabi/lib/thumb/v7e-m\libc_nano.a(lib_a-impure.o)
                0x000000002000006c                . = ALIGN (0x4)
                0x000000002000006c                _edata = .

.igot.plt       0x000000002000006c        0x0 load address 0x0000000008001310
 .igot.plt      0x000000002000006c        0x0 c:/st/stm32cubeide_1.4.0/stm32cubeide/plugins/com.st.stm32cube.ide.mcu.externaltools.gnu-tools-for-stm32.7-2018-q2-update.win32_1.4.0.202007081208/tools/bin/../lib/gcc/arm-none-eabi/7.3.1/thumb/v7e-m/crtbegin.o
                0x000000002000006c                . = ALIGN (0x4)

.bss            0x000000002000006c       0x54 load address 0x0000000008001310
                0x000000002000006c                _sbss = .
                0x000000002000006c                __bss_start__ = _sbss
 *(.bss)
 .bss           0x000000002000006c       0x1c c:/st/stm32cubeide_1.4.0/stm32cubeide/plugins/com.st.stm32cube.ide.mcu.externaltools.gnu-tools-for-stm32.7-2018-q2-update.win32_1.4.0.202007081208/tools/bin/../lib/gcc/arm-none-eabi/7.3.1/thumb/v7e-m/crtbegin.o
 *(.bss*)
 .bss.PSP_OF_TASKS
                0x0000000020000088       0x10 Src/rtos_stack_handler.o
 .bss.TASK_HANDLER_PC_INIT
                0x0000000020000098       0x10 Src/rtos_stack_handler.o
 .bss.Current_Task
                0x00000000200000a8        0x4 Src/rtos_task_manager.o
                0x00000000200000a8                Current_Task
 .bss.__sbrk_heap_end
                0x00000000200000ac        0x4 Src/sysmem.o
 .bss.__malloc_free_list
                0x00000000200000b0        0x4 c:/st/stm32cubeide_1.4.0/stm32cubeide/plugins/com.st.stm32cube.ide.mcu.externaltools.gnu-tools-for-stm32.7-2018-q2-update.win32_1.4.0.202007081208/tools/bin/../lib/gcc/arm-none-eabi/7.3.1/../../../../arm-none-eabi/lib/thumb/v7e-m\libc_nano.a(lib_a-nano-mallocr.o)
                0x00000000200000b0                __malloc_free_list
 .bss.__malloc_sbrk_start
                0x00000000200000b4        0x4 c:/st/stm32cubeide_1.4.0/stm32cubeide/plugins/com.st.stm32cube.ide.mcu.externaltools.gnu-tools-for-stm32.7-2018-q2-update.win32_1.4.0.202007081208/tools/bin/../lib/gcc/arm-none-eabi/7.3.1/../../../../arm-none-eabi/lib/thumb/v7e-m\libc_nano.a(lib_a-nano-mallocr.o)
                0x00000000200000b4                __malloc_sbrk_start
 *(COMMON)
 COMMON         0x00000000200000b8        0x4 Src/rtos_task_manager.o
                0x00000000200000b8                HIGH_PRIORITY_TASK
 COMMON         0x00000000200000bc        0x4 c:/st/stm32cubeide_1.4.0/stm32cubeide/plugins/com.st.stm32cube.ide.mcu.externaltools.gnu-tools-for-stm32.7-2018-q2-update.win32_1.4.0.202007081208/tools/bin/../lib/gcc/arm-none-eabi/7.3.1/../../../../arm-none-eabi/lib/thumb/v7e-m\libc_nano.a(lib_a-reent.o)
                0x00000000200000bc                errno
                0x00000000200000c0                . = ALIGN (0x4)
                0x00000000200000c0                _ebss = .
                0x00000000200000c0                __bss_end__ = _ebss

._user_heap_stack
                0x00000000200000c0      0x600 load address 0x0000000008001310
                0x00000000200000c0                . = ALIGN (0x8)
                [!provide]                        PROVIDE (end = .)
                0x00000000200000c0                PROVIDE (_end = .)
                0x00000000200002c0                . = (. + _Min_Heap_Size)
 *fill*         0x00000000200000c0      0x200 
                0x00000000200006c0                . = (. + _Min_Stack_Size)
 *fill*         0x00000000200002c0      0x400 
                0x00000000200006c0                . = ALIGN (0x8)

/DISCARD/
 libc.a(*)
 libm.a(*)
 libgcc.a(*)

.ARM.attributes
                0x0000000000000000       0x2a
 *(.ARM.attributes)
 .ARM.attributes
                0x0000000000000000       0x1e c:/st/stm32cubeide_1.4.0/stm32cubeide/plugins/com.st.stm32cube.ide.mcu.externaltools.gnu-tools-for-stm32.7-2018-q2-update.win32_1.4.0.202007081208/tools/bin/../lib/gcc/arm-none-eabi/7.3.1/thumb/v7e-m/crti.o
 .ARM.attributes
                0x000000000000001e       0x2e c:/st/stm32cubeide_1.4.0/stm32cubeide/plugins/com.st.stm32cube.ide.mcu.externaltools.gnu-tools-for-stm32.7-2018-q2-update.win32_1.4.0.202007081208/tools/bin/../lib/gcc/arm-none-eabi/7.3.1/thumb/v7e-m/crtbegin.o
 .ARM.attributes
                0x000000000000004c       0x33 Src/exception_handler.o
 .ARM.attributes
                0x000000000000007f       0x33 Src/main.o
 .ARM.attributes
                0x00000000000000b2       0x33 Src/rtos_stack_handler.o
 .ARM.attributes
                0x00000000000000e5       0x33 Src/rtos_task_manager.o
 .ARM.attributes
                0x0000000000000118       0x33 Src/syscalls.o
 .ARM.attributes
                0x000000000000014b       0x33 Src/sysmem.o
 .ARM.attributes
                0x000000000000017e       0x21 Startup/startup_stm32f446retx.o
 .ARM.attributes
                0x000000000000019f       0x2e c:/st/stm32cubeide_1.4.0/stm32cubeide/plugins/com.st.stm32cube.ide.mcu.externaltools.gnu-tools-for-stm32.7-2018-q2-update.win32_1.4.0.202007081208/tools/bin/../lib/gcc/arm-none-eabi/7.3.1/../../../../arm-none-eabi/lib/thumb/v7e-m\libc_nano.a(lib_a-errno.o)
 .ARM.attributes
                0x00000000000001cd       0x2e c:/st/stm32cubeide_1.4.0/stm32cubeide/plugins/com.st.stm32cube.ide.mcu.externaltools.gnu-tools-for-stm32.7-2018-q2-update.win32_1.4.0.202007081208/tools/bin/../lib/gcc/arm-none-eabi/7.3.1/../../../../arm-none-eabi/lib/thumb/v7e-m\libc_nano.a(lib_a-impure.o)
 .ARM.attributes
                0x00000000000001fb       0x2e c:/st/stm32cubeide_1.4.0/stm32cubeide/plugins/com.st.stm32cube.ide.mcu.externaltools.gnu-tools-for-stm32.7-2018-q2-update.win32_1.4.0.202007081208/tools/bin/../lib/gcc/arm-none-eabi/7.3.1/../../../../arm-none-eabi/lib/thumb/v7e-m\libc_nano.a(lib_a-init.o)
 .ARM.attributes
                0x0000000000000229       0x2e c:/st/stm32cubeide_1.4.0/stm32cubeide/plugins/com.st.stm32cube.ide.mcu.externaltools.gnu-tools-for-stm32.7-2018-q2-update.win32_1.4.0.202007081208/tools/bin/../lib/gcc/arm-none-eabi/7.3.1/../../../../arm-none-eabi/lib/thumb/v7e-m\libc_nano.a(lib_a-memset.o)
 .ARM.attributes
                0x0000000000000257       0x2e c:/st/stm32cubeide_1.4.0/stm32cubeide/plugins/com.st.stm32cube.ide.mcu.externaltools.gnu-tools-for-stm32.7-2018-q2-update.win32_1.4.0.202007081208/tools/bin/../lib/gcc/arm-none-eabi/7.3.1/../../../../arm-none-eabi/lib/thumb/v7e-m\libc_nano.a(lib_a-puts.o)
 .ARM.attributes
                0x0000000000000285       0x2e c:/st/stm32cubeide_1.4.0/stm32cubeide/plugins/com.st.stm32cube.ide.mcu.externaltools.gnu-tools-for-stm32.7-2018-q2-update.win32_1.4.0.202007081208/tools/bin/../lib/gcc/arm-none-eabi/7.3.1/../../../../arm-none-eabi/lib/thumb/v7e-m\libc_nano.a(lib_a-wbuf.o)
 .ARM.attributes
                0x00000000000002b3       0x2e c:/st/stm32cubeide_1.4.0/stm32cubeide/plugins/com.st.stm32cube.ide.mcu.externaltools.gnu-tools-for-stm32.7-2018-q2-update.win32_1.4.0.202007081208/tools/bin/../lib/gcc/arm-none-eabi/7.3.1/../../../../arm-none-eabi/lib/thumb/v7e-m\libc_nano.a(lib_a-wsetup.o)
 .ARM.attributes
                0x00000000000002e1       0x2e c:/st/stm32cubeide_1.4.0/stm32cubeide/plugins/com.st.stm32cube.ide.mcu.externaltools.gnu-tools-for-stm32.7-2018-q2-update.win32_1.4.0.202007081208/tools/bin/../lib/gcc/arm-none-eabi/7.3.1/../../../../arm-none-eabi/lib/thumb/v7e-m\libc_nano.a(lib_a-fflush.o)
 .ARM.attributes
                0x000000000000030f       0x2e c:/st/stm32cubeide_1.4.0/stm32cubeide/plugins/com.st.stm32cube.ide.mcu.externaltools.gnu-tools-for-stm32.7-2018-q2-update.win32_1.4.0.202007081208/tools/bin/../lib/gcc/arm-none-eabi/7.3.1/../../../../arm-none-eabi/lib/thumb/v7e-m\libc_nano.a(lib_a-findfp.o)
 .ARM.attributes
                0x000000000000033d       0x2e c:/st/stm32cubeide_1.4.0/stm32cubeide/plugins/com.st.stm32cube.ide.mcu.externaltools.gnu-tools-for-stm32.7-2018-q2-update.win32_1.4.0.202007081208/tools/bin/../lib/gcc/arm-none-eabi/7.3.1/../../../../arm-none-eabi/lib/thumb/v7e-m\libc_nano.a(lib_a-fwalk.o)
 .ARM.attributes
                0x000000000000036b       0x2e c:/st/stm32cubeide_1.4.0/stm32cubeide/plugins/com.st.stm32cube.ide.mcu.externaltools.gnu-tools-for-stm32.7-2018-q2-update.win32_1.4.0.202007081208/tools/bin/../lib/gcc/arm-none-eabi/7.3.1/../../../../arm-none-eabi/lib/thumb/v7e-m\libc_nano.a(lib_a-makebuf.o)
 .ARM.attributes
                0x0000000000000399       0x2e c:/st/stm32cubeide_1.4.0/stm32cubeide/plugins/com.st.stm32cube.ide.mcu.externaltools.gnu-tools-for-stm32.7-2018-q2-update.win32_1.4.0.202007081208/tools/bin/../lib/gcc/arm-none-eabi/7.3.1/../../../../arm-none-eabi/lib/thumb/v7e-m\libc_nano.a(lib_a-nano-freer.o)
 .ARM.attributes
                0x00000000000003c7       0x2e c:/st/stm32cubeide_1.4.0/stm32cubeide/plugins/com.st.stm32cube.ide.mcu.externaltools.gnu-tools-for-stm32.7-2018-q2-update.win32_1.4.0.202007081208/tools/bin/../lib/gcc/arm-none-eabi/7.3.1/../../../../arm-none-eabi/lib/thumb/v7e-m\libc_nano.a(lib_a-nano-mallocr.o)
 .ARM.attributes
                0x00000000000003f5       0x2e c:/st/stm32cubeide_1.4.0/stm32cubeide/plugins/com.st.stm32cube.ide.mcu.externaltools.gnu-tools-for-stm32.7-2018-q2-update.win32_1.4.0.202007081208/tools/bin/../lib/gcc/arm-none-eabi/7.3.1/../../../../arm-none-eabi/lib/thumb/v7e-m\libc_nano.a(lib_a-sbrkr.o)
 .ARM.attributes
                0x0000000000000423       0x2e c:/st/stm32cubeide_1.4.0/stm32cubeide/plugins/com.st.stm32cube.ide.mcu.externaltools.gnu-tools-for-stm32.7-2018-q2-update.win32_1.4.0.202007081208/tools/bin/../lib/gcc/arm-none-eabi/7.3.1/../../../../arm-none-eabi/lib/thumb/v7e-m\libc_nano.a(lib_a-stdio.o)
 .ARM.attributes
                0x0000000000000451       0x2e c:/st/stm32cubeide_1.4.0/stm32cubeide/plugins/com.st.stm32cube.ide.mcu.externaltools.gnu-tools-for-stm32.7-2018-q2-update.win32_1.4.0.202007081208/tools/bin/../lib/gcc/arm-none-eabi/7.3.1/../../../../arm-none-eabi/lib/thumb/v7e-m\libc_nano.a(lib_a-writer.o)
 .ARM.attributes
                0x000000000000047f       0x2e c:/st/stm32cubeide_1.4.0/stm32cubeide/plugins/com.st.stm32cube.ide.mcu.externaltools.gnu-tools-for-stm32.7-2018-q2-update.win32_1.4.0.202007081208/tools/bin/../lib/gcc/arm-none-eabi/7.3.1/../../../../arm-none-eabi/lib/thumb/v7e-m\libc_nano.a(lib_a-closer.o)
 .ARM.attributes
                0x00000000000004ad       0x2e c:/st/stm32cubeide_1.4.0/stm32cubeide/plugins/com.st.stm32cube.ide.mcu.externaltools.gnu-tools-for-stm32.7-2018-q2-update.win32_1.4.0.202007081208/tools/bin/../lib/gcc/arm-none-eabi/7.3.1/../../../../arm-none-eabi/lib/thumb/v7e-m\libc_nano.a(lib_a-fstatr.o)
 .ARM.attributes
                0x00000000000004db       0x2e c:/st/stm32cubeide_1.4.0/stm32cubeide/plugins/com.st.stm32cube.ide.mcu.externaltools.gnu-tools-for-stm32.7-2018-q2-update.win32_1.4.0.202007081208/tools/bin/../lib/gcc/arm-none-eabi/7.3.1/../../../../arm-none-eabi/lib/thumb/v7e-m\libc_nano.a(lib_a-isattyr.o)
 .ARM.attributes
                0x0000000000000509       0x2e c:/st/stm32cubeide_1.4.0/stm32cubeide/plugins/com.st.stm32cube.ide.mcu.externaltools.gnu-tools-for-stm32.7-2018-q2-update.win32_1.4.0.202007081208/tools/bin/../lib/gcc/arm-none-eabi/7.3.1/../../../../arm-none-eabi/lib/thumb/v7e-m\libc_nano.a(lib_a-lseekr.o)
 .ARM.attributes
                0x0000000000000537       0x2e c:/st/stm32cubeide_1.4.0/stm32cubeide/plugins/com.st.stm32cube.ide.mcu.externaltools.gnu-tools-for-stm32.7-2018-q2-update.win32_1.4.0.202007081208/tools/bin/../lib/gcc/arm-none-eabi/7.3.1/../../../../arm-none-eabi/lib/thumb/v7e-m\libc_nano.a(lib_a-mlock.o)
 .ARM.attributes
                0x0000000000000565       0x2e c:/st/stm32cubeide_1.4.0/stm32cubeide/plugins/com.st.stm32cube.ide.mcu.externaltools.gnu-tools-for-stm32.7-2018-q2-update.win32_1.4.0.202007081208/tools/bin/../lib/gcc/arm-none-eabi/7.3.1/../../../../arm-none-eabi/lib/thumb/v7e-m\libc_nano.a(lib_a-readr.o)
 .ARM.attributes
                0x0000000000000593       0x2e c:/st/stm32cubeide_1.4.0/stm32cubeide/plugins/com.st.stm32cube.ide.mcu.externaltools.gnu-tools-for-stm32.7-2018-q2-update.win32_1.4.0.202007081208/tools/bin/../lib/gcc/arm-none-eabi/7.3.1/../../../../arm-none-eabi/lib/thumb/v7e-m\libc_nano.a(lib_a-reent.o)
 .ARM.attributes
                0x00000000000005c1       0x1e c:/st/stm32cubeide_1.4.0/stm32cubeide/plugins/com.st.stm32cube.ide.mcu.externaltools.gnu-tools-for-stm32.7-2018-q2-update.win32_1.4.0.202007081208/tools/bin/../lib/gcc/arm-none-eabi/7.3.1/thumb/v7e-m/crtn.o
OUTPUT(RR_RTOS_STM32F446.elf elf32-littlearm)

.debug_info     0x0000000000000000     0x3f2e
 .debug_info    0x0000000000000000      0x965 Src/exception_handler.o
 .debug_info    0x0000000000000965      0x93d Src/main.o
 .debug_info    0x00000000000012a2      0xa72 Src/rtos_stack_handler.o
 .debug_info    0x0000000000001d14      0x976 Src/rtos_task_manager.o
 .debug_info    0x000000000000268a      0xefd Src/syscalls.o
 .debug_info    0x0000000000003587      0x985 Src/sysmem.o
 .debug_info    0x0000000000003f0c       0x22 Startup/startup_stm32f446retx.o

.debug_abbrev   0x0000000000000000      0xb37
 .debug_abbrev  0x0000000000000000      0x1cb Src/exception_handler.o
 .debug_abbrev  0x00000000000001cb      0x174 Src/main.o
 .debug_abbrev  0x000000000000033f      0x203 Src/rtos_stack_handler.o
 .debug_abbrev  0x0000000000000542      0x1cf Src/rtos_task_manager.o
 .debug_abbrev  0x0000000000000711      0x279 Src/syscalls.o
 .debug_abbrev  0x000000000000098a      0x19b Src/sysmem.o
 .debug_abbrev  0x0000000000000b25       0x12 Startup/startup_stm32f446retx.o

.debug_aranges  0x0000000000000000      0x200
 .debug_aranges
                0x0000000000000000       0x48 Src/exception_handler.o
 .debug_aranges
                0x0000000000000048       0x40 Src/main.o
 .debug_aranges
                0x0000000000000088       0x50 Src/rtos_stack_handler.o
 .debug_aranges
                0x00000000000000d8       0x30 Src/rtos_task_manager.o
 .debug_aranges
                0x0000000000000108       0xb0 Src/syscalls.o
 .debug_aranges
                0x00000000000001b8       0x20 Src/sysmem.o
 .debug_aranges
                0x00000000000001d8       0x28 Startup/startup_stm32f446retx.o

.debug_ranges   0x0000000000000000      0x198
 .debug_ranges  0x0000000000000000       0x38 Src/exception_handler.o
 .debug_ranges  0x0000000000000038       0x30 Src/main.o
 .debug_ranges  0x0000000000000068       0x40 Src/rtos_stack_handler.o
 .debug_ranges  0x00000000000000a8       0x20 Src/rtos_task_manager.o
 .debug_ranges  0x00000000000000c8       0xa0 Src/syscalls.o
 .debug_ranges  0x0000000000000168       0x10 Src/sysmem.o
 .debug_ranges  0x0000000000000178       0x20 Startup/startup_stm32f446retx.o

.debug_macro    0x0000000000000000     0x30c6
 .debug_macro   0x0000000000000000      0x1fc Src/exception_handler.o
 .debug_macro   0x00000000000001fc      0xa66 Src/exception_handler.o
 .debug_macro   0x0000000000000c62       0x22 Src/exception_handler.o
 .debug_macro   0x0000000000000c84       0x40 Src/exception_handler.o
 .debug_macro   0x0000000000000cc4       0x18 Src/exception_handler.o
 .debug_macro   0x0000000000000cdc       0x94 Src/exception_handler.o
 .debug_macro   0x0000000000000d70       0x3c Src/exception_handler.o
 .debug_macro   0x0000000000000dac       0x34 Src/exception_handler.o
 .debug_macro   0x0000000000000de0       0x16 Src/exception_handler.o
 .debug_macro   0x0000000000000df6       0x57 Src/exception_handler.o
 .debug_macro   0x0000000000000e4d       0x97 Src/exception_handler.o
 .debug_macro   0x0000000000000ee4      0x330 Src/exception_handler.o
 .debug_macro   0x0000000000001214       0xfd Src/exception_handler.o
 .debug_macro   0x0000000000001311       0x10 Src/exception_handler.o
 .debug_macro   0x0000000000001321       0x52 Src/exception_handler.o
 .debug_macro   0x0000000000001373       0x1f Src/exception_handler.o
 .debug_macro   0x0000000000001392       0x43 Src/exception_handler.o
 .debug_macro   0x00000000000013d5       0x20 Src/exception_handler.o
 .debug_macro   0x00000000000013f5      0x1a3 Src/exception_handler.o
 .debug_macro   0x0000000000001598       0x10 Src/exception_handler.o
 .debug_macro   0x00000000000015a8       0x6a Src/exception_handler.o
 .debug_macro   0x0000000000001612       0x1c Src/exception_handler.o
 .debug_macro   0x000000000000162e       0x52 Src/exception_handler.o
 .debug_macro   0x0000000000001680       0x40 Src/exception_handler.o
 .debug_macro   0x00000000000016c0       0x10 Src/exception_handler.o
 .debug_macro   0x00000000000016d0       0x40 Src/exception_handler.o
 .debug_macro   0x0000000000001710       0xd7 Src/exception_handler.o
 .debug_macro   0x00000000000017e7       0x1c Src/exception_handler.o
 .debug_macro   0x0000000000001803       0x3d Src/exception_handler.o
 .debug_macro   0x0000000000001840       0x16 Src/exception_handler.o
 .debug_macro   0x0000000000001856      0x145 Src/exception_handler.o
 .debug_macro   0x000000000000199b       0xef Src/exception_handler.o
 .debug_macro   0x0000000000001a8a      0x1df Src/exception_handler.o
 .debug_macro   0x0000000000001c69       0x22 Src/exception_handler.o
 .debug_macro   0x0000000000001c8b       0x2e Src/exception_handler.o
 .debug_macro   0x0000000000001cb9       0x4c Src/exception_handler.o
 .debug_macro   0x0000000000001d05       0x40 Src/exception_handler.o
 .debug_macro   0x0000000000001d45      0x200 Src/main.o
 .debug_macro   0x0000000000001f45      0x1ed Src/rtos_stack_handler.o
 .debug_macro   0x0000000000002132      0x1ed Src/rtos_task_manager.o
 .debug_macro   0x000000000000231f      0x255 Src/syscalls.o
 .debug_macro   0x0000000000002574      0x174 Src/syscalls.o
 .debug_macro   0x00000000000026e8       0x10 Src/syscalls.o
 .debug_macro   0x00000000000026f8       0x35 Src/syscalls.o
 .debug_macro   0x000000000000272d       0x10 Src/syscalls.o
 .debug_macro   0x000000000000273d       0x10 Src/syscalls.o
 .debug_macro   0x000000000000274d       0x35 Src/syscalls.o
 .debug_macro   0x0000000000002782      0x122 Src/syscalls.o
 .debug_macro   0x00000000000028a4       0x16 Src/syscalls.o
 .debug_macro   0x00000000000028ba       0x16 Src/syscalls.o
 .debug_macro   0x00000000000028d0       0x29 Src/syscalls.o
 .debug_macro   0x00000000000028f9       0x10 Src/syscalls.o
 .debug_macro   0x0000000000002909      0x241 Src/syscalls.o
 .debug_macro   0x0000000000002b4a       0x1c Src/syscalls.o
 .debug_macro   0x0000000000002b66       0x10 Src/syscalls.o
 .debug_macro   0x0000000000002b76      0x189 Src/syscalls.o
 .debug_macro   0x0000000000002cff       0x16 Src/syscalls.o
 .debug_macro   0x0000000000002d15       0x88 Src/syscalls.o
 .debug_macro   0x0000000000002d9d       0xee Src/sysmem.o
 .debug_macro   0x0000000000002e8b      0x23b Src/sysmem.o

.debug_line     0x0000000000000000     0x258e
 .debug_line    0x0000000000000000      0x64f Src/exception_handler.o
 .debug_line    0x000000000000064f      0x63d Src/main.o
 .debug_line    0x0000000000000c8c      0x675 Src/rtos_stack_handler.o
 .debug_line    0x0000000000001301      0x5ef Src/rtos_task_manager.o
 .debug_line    0x00000000000018f0      0x758 Src/syscalls.o
 .debug_line    0x0000000000002048      0x4c2 Src/sysmem.o
 .debug_line    0x000000000000250a       0x84 Startup/startup_stm32f446retx.o

.debug_str      0x0000000000000000     0x9707
 .debug_str     0x0000000000000000     0x818b Src/exception_handler.o
                                       0x83f1 (size before relaxing)
 .debug_str     0x000000000000818b       0x6f Src/main.o
                                       0x8393 (size before relaxing)
 .debug_str     0x00000000000081fa      0x15e Src/rtos_stack_handler.o
                                       0x836c (size before relaxing)
 .debug_str     0x0000000000008358       0x91 Src/rtos_task_manager.o
                                       0x82dd (size before relaxing)
 .debug_str     0x00000000000083e9     0x1287 Src/syscalls.o
                                       0x8943 (size before relaxing)
 .debug_str     0x0000000000009670       0x66 Src/sysmem.o
                                       0x5f56 (size before relaxing)
 .debug_str     0x00000000000096d6       0x31 Startup/startup_stm32f446retx.o
                                         0x6e (size before relaxing)

.comment        0x0000000000000000       0x7b
 .comment       0x0000000000000000       0x7b Src/exception_handler.o
                                         0x7c (size before relaxing)
 .comment       0x000000000000007b       0x7c Src/main.o
 .comment       0x000000000000007b       0x7c Src/rtos_stack_handler.o
 .comment       0x000000000000007b       0x7c Src/rtos_task_manager.o
 .comment       0x000000000000007b       0x7c Src/syscalls.o
 .comment       0x000000000000007b       0x7c Src/sysmem.o

.debug_frame    0x0000000000000000      0xbb8
 .debug_frame   0x0000000000000000       0xc4 Src/exception_handler.o
 .debug_frame   0x00000000000000c4       0x9c Src/main.o
 .debug_frame   0x0000000000000160       0xf0 Src/rtos_stack_handler.o
 .debug_frame   0x0000000000000250       0x70 Src/rtos_task_manager.o
 .debug_frame   0x00000000000002c0      0x2d4 Src/syscalls.o
 .debug_frame   0x0000000000000594       0x34 Src/sysmem.o
 .debug_frame   0x00000000000005c8       0x20 c:/st/stm32cubeide_1.4.0/stm32cubeide/plugins/com.st.stm32cube.ide.mcu.externaltools.gnu-tools-for-stm32.7-2018-q2-update.win32_1.4.0.202007081208/tools/bin/../lib/gcc/arm-none-eabi/7.3.1/../../../../arm-none-eabi/lib/thumb/v7e-m\libc_nano.a(lib_a-errno.o)
 .debug_frame   0x00000000000005e8       0x2c c:/st/stm32cubeide_1.4.0/stm32cubeide/plugins/com.st.stm32cube.ide.mcu.externaltools.gnu-tools-for-stm32.7-2018-q2-update.win32_1.4.0.202007081208/tools/bin/../lib/gcc/arm-none-eabi/7.3.1/../../../../arm-none-eabi/lib/thumb/v7e-m\libc_nano.a(lib_a-init.o)
 .debug_frame   0x0000000000000614       0x20 c:/st/stm32cubeide_1.4.0/stm32cubeide/plugins/com.st.stm32cube.ide.mcu.externaltools.gnu-tools-for-stm32.7-2018-q2-update.win32_1.4.0.202007081208/tools/bin/../lib/gcc/arm-none-eabi/7.3.1/../../../../arm-none-eabi/lib/thumb/v7e-m\libc_nano.a(lib_a-memset.o)
 .debug_frame   0x0000000000000634       0x3c c:/st/stm32cubeide_1.4.0/stm32cubeide/plugins/com.st.stm32cube.ide.mcu.externaltools.gnu-tools-for-stm32.7-2018-q2-update.win32_1.4.0.202007081208/tools/bin/../lib/gcc/arm-none-eabi/7.3.1/../../../../arm-none-eabi/lib/thumb/v7e-m\libc_nano.a(lib_a-puts.o)
 .debug_frame   0x0000000000000670       0x40 c:/st/stm32cubeide_1.4.0/stm32cubeide/plugins/com.st.stm32cube.ide.mcu.externaltools.gnu-tools-for-stm32.7-2018-q2-update.win32_1.4.0.202007081208/tools/bin/../lib/gcc/arm-none-eabi/7.3.1/../../../../arm-none-eabi/lib/thumb/v7e-m\libc_nano.a(lib_a-wbuf.o)
 .debug_frame   0x00000000000006b0       0x2c c:/st/stm32cubeide_1.4.0/stm32cubeide/plugins/com.st.stm32cube.ide.mcu.externaltools.gnu-tools-for-stm32.7-2018-q2-update.win32_1.4.0.202007081208/tools/bin/../lib/gcc/arm-none-eabi/7.3.1/../../../../arm-none-eabi/lib/thumb/v7e-m\libc_nano.a(lib_a-wsetup.o)
 .debug_frame   0x00000000000006dc       0x68 c:/st/stm32cubeide_1.4.0/stm32cubeide/plugins/com.st.stm32cube.ide.mcu.externaltools.gnu-tools-for-stm32.7-2018-q2-update.win32_1.4.0.202007081208/tools/bin/../lib/gcc/arm-none-eabi/7.3.1/../../../../arm-none-eabi/lib/thumb/v7e-m\libc_nano.a(lib_a-fflush.o)
 .debug_frame   0x0000000000000744      0x11c c:/st/stm32cubeide_1.4.0/stm32cubeide/plugins/com.st.stm32cube.ide.mcu.externaltools.gnu-tools-for-stm32.7-2018-q2-update.win32_1.4.0.202007081208/tools/bin/../lib/gcc/arm-none-eabi/7.3.1/../../../../arm-none-eabi/lib/thumb/v7e-m\libc_nano.a(lib_a-findfp.o)
 .debug_frame   0x0000000000000860       0x54 c:/st/stm32cubeide_1.4.0/stm32cubeide/plugins/com.st.stm32cube.ide.mcu.externaltools.gnu-tools-for-stm32.7-2018-q2-update.win32_1.4.0.202007081208/tools/bin/../lib/gcc/arm-none-eabi/7.3.1/../../../../arm-none-eabi/lib/thumb/v7e-m\libc_nano.a(lib_a-fwalk.o)
 .debug_frame   0x00000000000008b4       0x58 c:/st/stm32cubeide_1.4.0/stm32cubeide/plugins/com.st.stm32cube.ide.mcu.externaltools.gnu-tools-for-stm32.7-2018-q2-update.win32_1.4.0.202007081208/tools/bin/../lib/gcc/arm-none-eabi/7.3.1/../../../../arm-none-eabi/lib/thumb/v7e-m\libc_nano.a(lib_a-makebuf.o)
 .debug_frame   0x000000000000090c       0x38 c:/st/stm32cubeide_1.4.0/stm32cubeide/plugins/com.st.stm32cube.ide.mcu.externaltools.gnu-tools-for-stm32.7-2018-q2-update.win32_1.4.0.202007081208/tools/bin/../lib/gcc/arm-none-eabi/7.3.1/../../../../arm-none-eabi/lib/thumb/v7e-m\libc_nano.a(lib_a-nano-freer.o)
 .debug_frame   0x0000000000000944       0x2c c:/st/stm32cubeide_1.4.0/stm32cubeide/plugins/com.st.stm32cube.ide.mcu.externaltools.gnu-tools-for-stm32.7-2018-q2-update.win32_1.4.0.202007081208/tools/bin/../lib/gcc/arm-none-eabi/7.3.1/../../../../arm-none-eabi/lib/thumb/v7e-m\libc_nano.a(lib_a-nano-mallocr.o)
 .debug_frame   0x0000000000000970       0x2c c:/st/stm32cubeide_1.4.0/stm32cubeide/plugins/com.st.stm32cube.ide.mcu.externaltools.gnu-tools-for-stm32.7-2018-q2-update.win32_1.4.0.202007081208/tools/bin/../lib/gcc/arm-none-eabi/7.3.1/../../../../arm-none-eabi/lib/thumb/v7e-m\libc_nano.a(lib_a-sbrkr.o)
 .debug_frame   0x000000000000099c       0x88 c:/st/stm32cubeide_1.4.0/stm32cubeide/plugins/com.st.stm32cube.ide.mcu.externaltools.gnu-tools-for-stm32.7-2018-q2-update.win32_1.4.0.202007081208/tools/bin/../lib/gcc/arm-none-eabi/7.3.1/../../../../arm-none-eabi/lib/thumb/v7e-m\libc_nano.a(lib_a-stdio.o)
 .debug_frame   0x0000000000000a24       0x2c c:/st/stm32cubeide_1.4.0/stm32cubeide/plugins/com.st.stm32cube.ide.mcu.externaltools.gnu-tools-for-stm32.7-2018-q2-update.win32_1.4.0.202007081208/tools/bin/../lib/gcc/arm-none-eabi/7.3.1/../../../../arm-none-eabi/lib/thumb/v7e-m\libc_nano.a(lib_a-writer.o)
 .debug_frame   0x0000000000000a50       0x2c c:/st/stm32cubeide_1.4.0/stm32cubeide/plugins/com.st.stm32cube.ide.mcu.externaltools.gnu-tools-for-stm32.7-2018-q2-update.win32_1.4.0.202007081208/tools/bin/../lib/gcc/arm-none-eabi/7.3.1/../../../../arm-none-eabi/lib/thumb/v7e-m\libc_nano.a(lib_a-closer.o)
 .debug_frame   0x0000000000000a7c       0x2c c:/st/stm32cubeide_1.4.0/stm32cubeide/plugins/com.st.stm32cube.ide.mcu.externaltools.gnu-tools-for-stm32.7-2018-q2-update.win32_1.4.0.202007081208/tools/bin/../lib/gcc/arm-none-eabi/7.3.1/../../../../arm-none-eabi/lib/thumb/v7e-m\libc_nano.a(lib_a-fstatr.o)
 .debug_frame   0x0000000000000aa8       0x2c c:/st/stm32cubeide_1.4.0/stm32cubeide/plugins/com.st.stm32cube.ide.mcu.externaltools.gnu-tools-for-stm32.7-2018-q2-update.win32_1.4.0.202007081208/tools/bin/../lib/gcc/arm-none-eabi/7.3.1/../../../../arm-none-eabi/lib/thumb/v7e-m\libc_nano.a(lib_a-isattyr.o)
 .debug_frame   0x0000000000000ad4       0x2c c:/st/stm32cubeide_1.4.0/stm32cubeide/plugins/com.st.stm32cube.ide.mcu.externaltools.gnu-tools-for-stm32.7-2018-q2-update.win32_1.4.0.202007081208/tools/bin/../lib/gcc/arm-none-eabi/7.3.1/../../../../arm-none-eabi/lib/thumb/v7e-m\libc_nano.a(lib_a-lseekr.o)
 .debug_frame   0x0000000000000b00       0x30 c:/st/stm32cubeide_1.4.0/stm32cubeide/plugins/com.st.stm32cube.ide.mcu.externaltools.gnu-tools-for-stm32.7-2018-q2-update.win32_1.4.0.202007081208/tools/bin/../lib/gcc/arm-none-eabi/7.3.1/../../../../arm-none-eabi/lib/thumb/v7e-m\libc_nano.a(lib_a-mlock.o)
 .debug_frame   0x0000000000000b30       0x2c c:/st/stm32cubeide_1.4.0/stm32cubeide/plugins/com.st.stm32cube.ide.mcu.externaltools.gnu-tools-for-stm32.7-2018-q2-update.win32_1.4.0.202007081208/tools/bin/../lib/gcc/arm-none-eabi/7.3.1/../../../../arm-none-eabi/lib/thumb/v7e-m\libc_nano.a(lib_a-readr.o)
 .debug_frame   0x0000000000000b5c       0x5c c:/st/stm32cubeide_1.4.0/stm32cubeide/plugins/com.st.stm32cube.ide.mcu.externaltools.gnu-tools-for-stm32.7-2018-q2-update.win32_1.4.0.202007081208/tools/bin/../lib/gcc/arm-none-eabi/7.3.1/../../../../arm-none-eabi/lib/thumb/v7e-m\libc_nano.a(lib_a-reent.o)
